[aircooleradvisor.org/nexcooler-review-n/index.html]
[backblue.gif]
[fade.gif]
[index.html]
[aircooleradvisor.org/wp-content/cache/min/1/2bca0d3ec48e1027400874233bae6c7e.css]
[aircooleradvisor.org/wp-content/uploads/2019/07/f.png]
[aircooleradvisor.org/wp-content/cache/busting/1/wp-includes/js/jquery/jquery-1.12.4-wp.js]
[aircooleradvisor.org/wp-content/uploads/2019/07/cropped-logomain1-32x32.png]
[aircooleradvisor.org/wp-content/uploads/2019/07/cropped-logomain1-192x192.png]
[aircooleradvisor.org/wp-content/uploads/2019/07/cropped-logomain1-180x180.png]
[aircooleradvisor.org/nexcooler-review-n/images/quote.png]
[aircooleradvisor.org/wp-content/uploads/2020/06/aircooler-advisor.png]
[aircooleradvisor.org/wp-content/uploads/2019/07/t.png]
[aircooleradvisor.org/wp-content/uploads/2019/07/g.png]
[aircooleradvisor.org/wp-content/uploads/2020/06/nexcooler-1-2-4-5-1024x576.jpg]
[aircooleradvisor.org/wp-content/uploads/2020/06/nexcooler-1-2-3.gif]
[aircooleradvisor.org/wp-content/uploads/2020/06/1592305134694_advbanner_.jpg]
[aircooleradvisor.org/wp-content/uploads/2020/06/nexcooler-1-2-4-5-6-1024x576.d.delayed]
[aircooleradvisor.org/wp-content/uploads/2020/06/nexcooler-review-3.jpg]
[aircooleradvisor.org/wp-content/uploads/2020/06/nexcooler-2review.jpg]
[aircooleradvisor.org/wp-content/uploads/2020/06/nexcooler-side.jpg]
[images.dmca.com/Badges/DMCA_logo-grn-btn120w125e.png]
[aircooleradvisor.org/wp-content/plugins/wp-rocket/assets/js/lazyload/11.0.6/lazyload.min.js]
[aircooleradvisor.org/nexcooler-review-n/index.html]
[aircooleradvisor.org/wp-content/cache/min/1/532a88785df0fa081a6af4f73940d80d.js]
[aircooleradvisor.org/wp-content/plugins/contact-form-7/images/ajax-loader.gif]
[aircooleradvisor.org/wp-content/themes/flatsome/assets/img/shadow@2x.png]
[aircooleradvisor.org/wp-content/themes/flatsome/assets/img/underline.png]
[aircooleradvisor.org/wp-content/cache/min/1/2bca0d3ec48e1027400874233bae6c7e.css]
[aircooleradvisor.org/nexcooler-review-n/images/quote.html]
[aircooleradvisor.org/wp-content/uploads/2020/06/nexcooler-1-2-4-5-6-1024x576.html]
[www.googletagmanager.com/gtm5445.html]
[aircooleradvisor.org/wp-content/plugins/contact-form-7/images/ajax-loader.html]
[aircooleradvisor.org/wp-content/themes/flatsome/assets/img/shadow@2x.html]
[aircooleradvisor.org/wp-content/themes/flatsome/assets/img/underline.html]
